matches the snapshot:
  1: |
    apiVersion: core.openmfp.io/v1alpha1
    kind: ContentConfiguration
    metadata:
      name: gardener
      namespace: NAMESPACE
    spec:
      remoteConfiguration:
        contentType: json
        url: https:///assets/accounts.json
