matches the snapshot:
  1: |
    apiVersion: apps/v1
    kind: Deployment
    metadata:
      labels:
        app: RELEASE-NAME
      name: RELEASE-NAME
      namespace: NAMESPACE
    spec:
      revisionHistoryLimit: 3
      selector:
        matchLabels:
          app: RELEASE-NAME
      strategy:
        rollingUpdate:
          maxSurge: 5
          maxUnavailable: 0
      template:
        metadata:
          labels:
            app: RELEASE-NAME
        spec:
          containers:
            - env:
                - name: PORT
                  value: "8080"
              image: ghcr.io/openmfp/example-ui:12345
              imagePullPolicy: IfNotPresent
              name: RELEASE-NAME
              ports:
                - containerPort: 8080
                  name: http
              resources:
                limits:
                  cpu: "1"
                  memory: 512Mi
                requests:
                  cpu: 40m
                  memory: 50Mi
              securityContext:
                readOnlyRootFilesystem: true
          securityContext:
            fsGroup: 2000
            runAsGroup: 3000
            runAsUser: 1000
          serviceAccountName: RELEASE-NAME
matches the snapshot with FRONTEND_PORT:
  1: |
    apiVersion: apps/v1
    kind: Deployment
    metadata:
      labels:
        app: RELEASE-NAME
      name: RELEASE-NAME
      namespace: NAMESPACE
    spec:
      revisionHistoryLimit: 3
      selector:
        matchLabels:
          app: RELEASE-NAME
      strategy:
        rollingUpdate:
          maxSurge: 5
          maxUnavailable: 0
      template:
        metadata:
          labels:
            app: RELEASE-NAME
        spec:
          containers:
            - env:
                - name: PORT
                  value: "8080"
              image: ghcr.io/openmfp/example-ui:12345
              imagePullPolicy: IfNotPresent
              name: RELEASE-NAME
              ports:
                - containerPort: 8080
                  name: http
              resources:
                limits:
                  cpu: "1"
                  memory: 512Mi
                requests:
                  cpu: 40m
                  memory: 50Mi
              securityContext:
                readOnlyRootFilesystem: true
          securityContext:
            fsGroup: 2000
            runAsGroup: 3000
            runAsUser: 1000
          serviceAccountName: RELEASE-NAME
