matches the snapshot:
  1: |
    apiVersion: networking.istio.io/v1alpha3
    kind: VirtualService
    metadata:
      name: RELEASE-NAME
      namespace: NAMESPACE
    spec:
      gateways:
        - NAMESPACE/gateway
      hosts:
        - content.d1.openmfp.dxp.k8s.ondemand.com
      http:
        - corsPolicy:
            allowHeaders:
              - Authorization
              - Content-Type
              - '*'
            allowMethods:
              - GET
              - POST
              - PUT
              - DELETE
          route:
            - destination:
                host: RELEASE-NAME.NAMESPACE.svc.cluster.local
                port:
                  number: 8080
